com\helpdesk\service\StaffService.class
com\helpdesk\dto\DashboardStatsDTO$StudentStatsDTO.class
com\helpdesk\service\TicketService.class
com\helpdesk\entity\Ticket$Status.class
com\helpdesk\StudentHelpdeskSystemApplication.class
com\helpdesk\controller\AuthController.class
com\helpdesk\config\SecurityConfig.class
com\helpdesk\service\ReportService$ReportSummaryDTO.class
com\helpdesk\controller\ReportController.class
com\helpdesk\repository\CategoryRepository.class
com\helpdesk\config\DataInitializer.class
com\helpdesk\repository\TicketRepository.class
com\helpdesk\service\CategoryService.class
com\helpdesk\entity\Category.class
com\helpdesk\service\ReportService.class
com\helpdesk\entity\BaseEntity.class
com\helpdesk\entity\SavedReport.class
com\helpdesk\dto\DashboardStatsDTO$CategoryStatsDTO.class
com\helpdesk\entity\User$UserRole.class
com\helpdesk\repository\StaffRepository.class
com\helpdesk\controller\HomeController.class
com\helpdesk\controller\UserManagementController.class
com\helpdesk\controller\DashboardController.class
com\helpdesk\repository\UserRepository.class
com\helpdesk\dto\DashboardStatsDTO$MonthlyTrendDTO.class
com\helpdesk\security\CustomUserDetailsService.class
com\helpdesk\entity\Ticket$Priority.class
com\helpdesk\entity\Ticket.class
com\helpdesk\controller\TicketController.class
com\helpdesk\service\UserService.class
com\helpdesk\repository\SavedReportRepository.class
com\helpdesk\entity\User.class
com\helpdesk\entity\Staff.class
com\helpdesk\entity\User$UserStatus.class
com\helpdesk\config\WebConfig.class
com\helpdesk\dto\DashboardStatsDTO.class
