C:\Users\J Kenath\Desktop\One_By_One_Cruds\Report_Creation\src\main\java\com\helpdesk\service\ReportService.java
C:\Users\J Kenath\Desktop\One_By_One_Cruds\Report_Creation\src\main\java\com\helpdesk\repository\CategoryRepository.java
C:\Users\J Kenath\Desktop\One_By_One_Cruds\Report_Creation\src\main\java\com\helpdesk\entity\BaseEntity.java
C:\Users\J Kenath\Desktop\One_By_One_Cruds\Report_Creation\src\main\java\com\helpdesk\service\StaffService.java
C:\Users\J Kenath\Desktop\One_By_One_Cruds\Report_Creation\src\main\java\com\helpdesk\entity\Ticket.java
C:\Users\J Kenath\Desktop\One_By_One_Cruds\Report_Creation\src\main\java\com\helpdesk\controller\TicketController.java
C:\Users\J Kenath\Desktop\One_By_One_Cruds\Report_Creation\src\main\java\com\helpdesk\repository\UserRepository.java
C:\Users\J Kenath\Desktop\One_By_One_Cruds\Report_Creation\src\main\java\com\helpdesk\controller\DashboardController.java
C:\Users\J Kenath\Desktop\One_By_One_Cruds\Report_Creation\src\main\java\com\helpdesk\security\CustomUserDetailsService.java
C:\Users\J Kenath\Desktop\One_By_One_Cruds\Report_Creation\src\main\java\com\helpdesk\config\WebConfig.java
C:\Users\J Kenath\Desktop\One_By_One_Cruds\Report_Creation\src\main\java\com\helpdesk\repository\TicketRepository.java
C:\Users\J Kenath\Desktop\One_By_One_Cruds\Report_Creation\src\main\java\com\helpdesk\config\DataInitializer.java
C:\Users\J Kenath\Desktop\One_By_One_Cruds\Report_Creation\src\main\java\com\helpdesk\repository\StaffRepository.java
C:\Users\J Kenath\Desktop\One_By_One_Cruds\Report_Creation\src\main\java\com\helpdesk\entity\SavedReport.java
C:\Users\J Kenath\Desktop\One_By_One_Cruds\Report_Creation\src\main\java\com\helpdesk\service\UserService.java
C:\Users\J Kenath\Desktop\One_By_One_Cruds\Report_Creation\src\main\java\com\helpdesk\config\SecurityConfig.java
C:\Users\J Kenath\Desktop\One_By_One_Cruds\Report_Creation\src\main\java\com\helpdesk\controller\AuthController.java
C:\Users\J Kenath\Desktop\One_By_One_Cruds\Report_Creation\src\main\java\com\helpdesk\dto\DashboardStatsDTO.java
C:\Users\J Kenath\Desktop\One_By_One_Cruds\Report_Creation\src\main\java\com\helpdesk\entity\Category.java
C:\Users\J Kenath\Desktop\One_By_One_Cruds\Report_Creation\src\main\java\com\helpdesk\entity\User.java
C:\Users\J Kenath\Desktop\One_By_One_Cruds\Report_Creation\src\main\java\com\helpdesk\repository\SavedReportRepository.java
C:\Users\J Kenath\Desktop\One_By_One_Cruds\Report_Creation\src\main\java\com\helpdesk\service\CategoryService.java
C:\Users\J Kenath\Desktop\One_By_One_Cruds\Report_Creation\src\main\java\com\helpdesk\entity\Staff.java
C:\Users\J Kenath\Desktop\One_By_One_Cruds\Report_Creation\src\main\java\com\helpdesk\StudentHelpdeskSystemApplication.java
C:\Users\J Kenath\Desktop\One_By_One_Cruds\Report_Creation\src\main\java\com\helpdesk\controller\ReportController.java
C:\Users\J Kenath\Desktop\One_By_One_Cruds\Report_Creation\src\main\java\com\helpdesk\controller\UserManagementController.java
C:\Users\J Kenath\Desktop\One_By_One_Cruds\Report_Creation\src\main\java\com\helpdesk\controller\HomeController.java
C:\Users\J Kenath\Desktop\One_By_One_Cruds\Report_Creation\src\main\java\com\helpdesk\service\TicketService.java
